<?xml version="1.0" encoding="UTF-8"?>
<TestRun id="df0823d3-8e08-4fad-99b5-932e97193353" name="gabriel.medeiros@IMPETO56 2011-08-16 15:45:53" runUser="IMPETO\gabriel.medeiros" xmlns="http://microsoft.com/schemas/VisualStudio/TeamTest/2010">
  <TestSettings name="Local" id="9c0089db-48fd-4d0c-8664-f82eba3e21cb">
    <Description>These are default test settings for a local test run.</Description>
    <Deployment enabled="false" runDeploymentRoot="gabriel.medeiros_IMPETO56 2011-08-16 15_45_53">
      <DeploymentItem filename="D:\Dojo\DojoImpeto\telefone\dojoTelefone\dojoTelefone\bin\Debug\dojoTelefone.dll" />
    </Deployment>
    <Execution>
      <TestTypeSpecific />
      <AgentRule name="Execution Agents">
      </AgentRule>
    </Execution>
  </TestSettings>
  <Times creation="2011-08-16T15:45:53.7598764-03:00" queuing="2011-08-16T15:45:53.8233505-03:00" start="2011-08-16T15:45:53.8389753-03:00" finish="2011-08-16T15:45:54.1983457-03:00" />
  <ResultSummary outcome="Completed">
    <Counters total="9" executed="9" passed="9" error="0" failed="0" timeout="0" aborted="0" inconclusive="0" passedButRunAborted="0" notRunnable="0" notExecuted="0" disconnected="0" warning="0" completed="0" inProgress="0" pending="0" />
  </ResultSummary>
  <TestDefinitions>
    <UnitTest name="Passsando_letra_C_retorna_numero_2" storage="d:\dojo\dojoimpeto\telefone\dojotelefone\dojotelefone.test\bin\debug\dojotelefone.test.dll" id="cced0b66-1e82-7460-cac2-eb024454e4e5">
      <Execution id="f5a25095-72eb-4daa-a752-18638b0c20b9" />
      <TestMethod codeBase="D:/Dojo/DojoImpeto/telefone/dojoTelefone/dojoTelefone.Test/bin/Debug/dojoTelefone.Test.DLL" adapterTypeName="Microsoft.VisualStudio.TestTools.TestTypes.Unit.UnitTestAdapter, Microsoft.VisualStudio.QualityTools.Tips.UnitTest.Adapter, Version=10.0.0.0, Culture=neutral, PublicKeyToken=b03f5f7f11d50a3a" className="dojoTelefone.Test.TelefoneTest, dojoTelefone.Test, Version=1.0.0.0, Culture=neutral, PublicKeyToken=null" name="Passsando_letra_C_retorna_numero_2" />
    </UnitTest>
    <UnitTest name="Passsando_letras_11_retorna_numero_11" storage="d:\dojo\dojoimpeto\telefone\dojotelefone\dojotelefone.test\bin\debug\dojotelefone.test.dll" id="0b57162d-f215-5e8d-f877-2dd6aec6edc0">
      <Execution id="eef12946-00f9-41af-8145-ec037293f845" />
      <TestMethod codeBase="D:/Dojo/DojoImpeto/telefone/dojoTelefone/dojoTelefone.Test/bin/Debug/dojoTelefone.Test.DLL" adapterTypeName="Microsoft.VisualStudio.TestTools.TestTypes.Unit.UnitTestAdapter, Microsoft.VisualStudio.QualityTools.Tips.UnitTest.Adapter, Version=10.0.0.0, Culture=neutral, PublicKeyToken=b03f5f7f11d50a3a" className="dojoTelefone.Test.TelefoneTest, dojoTelefone.Test, Version=1.0.0.0, Culture=neutral, PublicKeyToken=null" name="Passsando_letras_11_retorna_numero_11" />
    </UnitTest>
    <UnitTest name="Passsando_letra_E_retorna_numero_3" storage="d:\dojo\dojoimpeto\telefone\dojotelefone\dojotelefone.test\bin\debug\dojotelefone.test.dll" id="4d3045ae-0683-3586-3dcc-516d31b1985e">
      <Execution id="2df9f761-f7bc-4675-ab08-83317bd8b4b7" />
      <TestMethod codeBase="D:/Dojo/DojoImpeto/telefone/dojoTelefone/dojoTelefone.Test/bin/Debug/dojoTelefone.Test.DLL" adapterTypeName="Microsoft.VisualStudio.TestTools.TestTypes.Unit.UnitTestAdapter, Microsoft.VisualStudio.QualityTools.Tips.UnitTest.Adapter, Version=10.0.0.0, Culture=neutral, PublicKeyToken=b03f5f7f11d50a3a" className="dojoTelefone.Test.TelefoneTest, dojoTelefone.Test, Version=1.0.0.0, Culture=neutral, PublicKeyToken=null" name="Passsando_letra_E_retorna_numero_3" />
    </UnitTest>
    <UnitTest name="Passsando_letra_A_retorna_numero_2" storage="d:\dojo\dojoimpeto\telefone\dojotelefone\dojotelefone.test\bin\debug\dojotelefone.test.dll" id="e90b7508-50af-ea86-ae73-6cd0dbc6274d">
      <Execution id="79f2ef5a-a3f9-4975-8adf-4391d4b2bb60" />
      <TestMethod codeBase="D:/Dojo/DojoImpeto/telefone/dojoTelefone/dojoTelefone.Test/bin/Debug/dojoTelefone.Test.DLL" adapterTypeName="Microsoft.VisualStudio.TestTools.TestTypes.Unit.UnitTestAdapter, Microsoft.VisualStudio.QualityTools.Tips.UnitTest.Adapter, Version=10.0.0.0, Culture=neutral, PublicKeyToken=b03f5f7f11d50a3a" className="dojoTelefone.Test.TelefoneTest, dojoTelefone.Test, Version=1.0.0.0, Culture=neutral, PublicKeyToken=null" name="Passsando_letra_A_retorna_numero_2" />
    </UnitTest>
    <UnitTest name="Passsando_letra_B_retorna_numero_2" storage="d:\dojo\dojoimpeto\telefone\dojotelefone\dojotelefone.test\bin\debug\dojotelefone.test.dll" id="639f1d21-bfe6-ef7c-722e-b05bb8459aeb">
      <Execution id="6c4b88db-b715-4bad-87e5-07ac896dd387" />
      <TestMethod codeBase="D:/Dojo/DojoImpeto/telefone/dojoTelefone/dojoTelefone.Test/bin/Debug/dojoTelefone.Test.DLL" adapterTypeName="Microsoft.VisualStudio.TestTools.TestTypes.Unit.UnitTestAdapter, Microsoft.VisualStudio.QualityTools.Tips.UnitTest.Adapter, Version=10.0.0.0, Culture=neutral, PublicKeyToken=b03f5f7f11d50a3a" className="dojoTelefone.Test.TelefoneTest, dojoTelefone.Test, Version=1.0.0.0, Culture=neutral, PublicKeyToken=null" name="Passsando_letra_B_retorna_numero_2" />
    </UnitTest>
    <UnitTest name="Passsando_letra_F_retorna_numero_3" storage="d:\dojo\dojoimpeto\telefone\dojotelefone\dojotelefone.test\bin\debug\dojotelefone.test.dll" id="23df0b99-7398-3a39-c637-b5728f7a7dcc">
      <Execution id="65a89861-49e6-47e2-acc8-90a84941b152" />
      <TestMethod codeBase="D:/Dojo/DojoImpeto/telefone/dojoTelefone/dojoTelefone.Test/bin/Debug/dojoTelefone.Test.DLL" adapterTypeName="Microsoft.VisualStudio.TestTools.TestTypes.Unit.UnitTestAdapter, Microsoft.VisualStudio.QualityTools.Tips.UnitTest.Adapter, Version=10.0.0.0, Culture=neutral, PublicKeyToken=b03f5f7f11d50a3a" className="dojoTelefone.Test.TelefoneTest, dojoTelefone.Test, Version=1.0.0.0, Culture=neutral, PublicKeyToken=null" name="Passsando_letra_F_retorna_numero_3" />
    </UnitTest>
    <UnitTest name="Passsando_um_numero_retorna_um_numero" storage="d:\dojo\dojoimpeto\telefone\dojotelefone\dojotelefone.test\bin\debug\dojotelefone.test.dll" id="199d6954-928d-ed57-3e36-6a32e4aa3be9">
      <Execution id="3d067fe0-0b07-4b66-93df-140941730ed4" />
      <TestMethod codeBase="D:/Dojo/DojoImpeto/telefone/dojoTelefone/dojoTelefone.Test/bin/Debug/dojoTelefone.Test.DLL" adapterTypeName="Microsoft.VisualStudio.TestTools.TestTypes.Unit.UnitTestAdapter, Microsoft.VisualStudio.QualityTools.Tips.UnitTest.Adapter, Version=10.0.0.0, Culture=neutral, PublicKeyToken=b03f5f7f11d50a3a" className="dojoTelefone.Test.TelefoneTest, dojoTelefone.Test, Version=1.0.0.0, Culture=neutral, PublicKeyToken=null" name="Passsando_um_numero_retorna_um_numero" />
    </UnitTest>
    <UnitTest name="Passsando_letras_1A_retorna_numero_12" storage="d:\dojo\dojoimpeto\telefone\dojotelefone\dojotelefone.test\bin\debug\dojotelefone.test.dll" id="412c9125-d469-dc8f-e514-ee824e909634">
      <Execution id="9c92b03d-946d-46a2-a67b-1a87631bb78a" />
      <TestMethod codeBase="D:/Dojo/DojoImpeto/telefone/dojoTelefone/dojoTelefone.Test/bin/Debug/dojoTelefone.Test.DLL" adapterTypeName="Microsoft.VisualStudio.TestTools.TestTypes.Unit.UnitTestAdapter, Microsoft.VisualStudio.QualityTools.Tips.UnitTest.Adapter, Version=10.0.0.0, Culture=neutral, PublicKeyToken=b03f5f7f11d50a3a" className="dojoTelefone.Test.TelefoneTest, dojoTelefone.Test, Version=1.0.0.0, Culture=neutral, PublicKeyToken=null" name="Passsando_letras_1A_retorna_numero_12" />
    </UnitTest>
    <UnitTest name="Passsando_letra_D_retorna_numero_3" storage="d:\dojo\dojoimpeto\telefone\dojotelefone\dojotelefone.test\bin\debug\dojotelefone.test.dll" id="5639571a-b0bd-ebff-f064-cbd0923ef4ef">
      <Execution id="770364cf-40e0-4847-a2a8-f11d8f786e58" />
      <TestMethod codeBase="D:/Dojo/DojoImpeto/telefone/dojoTelefone/dojoTelefone.Test/bin/Debug/dojoTelefone.Test.DLL" adapterTypeName="Microsoft.VisualStudio.TestTools.TestTypes.Unit.UnitTestAdapter, Microsoft.VisualStudio.QualityTools.Tips.UnitTest.Adapter, Version=10.0.0.0, Culture=neutral, PublicKeyToken=b03f5f7f11d50a3a" className="dojoTelefone.Test.TelefoneTest, dojoTelefone.Test, Version=1.0.0.0, Culture=neutral, PublicKeyToken=null" name="Passsando_letra_D_retorna_numero_3" />
    </UnitTest>
  </TestDefinitions>
  <TestLists>
    <TestList name="Results Not in a List" id="8c84fa94-04c1-424b-9868-57a2d4851a1d" />
    <TestList name="All Loaded Results" id="19431567-8539-422a-85d7-44ee4e166bda" />
  </TestLists>
  <TestEntries>
    <TestEntry testId="0b57162d-f215-5e8d-f877-2dd6aec6edc0" executionId="eef12946-00f9-41af-8145-ec037293f845" testListId="8c84fa94-04c1-424b-9868-57a2d4851a1d" />
    <TestEntry testId="199d6954-928d-ed57-3e36-6a32e4aa3be9" executionId="3d067fe0-0b07-4b66-93df-140941730ed4" testListId="8c84fa94-04c1-424b-9868-57a2d4851a1d" />
    <TestEntry testId="23df0b99-7398-3a39-c637-b5728f7a7dcc" executionId="65a89861-49e6-47e2-acc8-90a84941b152" testListId="8c84fa94-04c1-424b-9868-57a2d4851a1d" />
    <TestEntry testId="412c9125-d469-dc8f-e514-ee824e909634" executionId="9c92b03d-946d-46a2-a67b-1a87631bb78a" testListId="8c84fa94-04c1-424b-9868-57a2d4851a1d" />
    <TestEntry testId="4d3045ae-0683-3586-3dcc-516d31b1985e" executionId="2df9f761-f7bc-4675-ab08-83317bd8b4b7" testListId="8c84fa94-04c1-424b-9868-57a2d4851a1d" />
    <TestEntry testId="5639571a-b0bd-ebff-f064-cbd0923ef4ef" executionId="770364cf-40e0-4847-a2a8-f11d8f786e58" testListId="8c84fa94-04c1-424b-9868-57a2d4851a1d" />
    <TestEntry testId="639f1d21-bfe6-ef7c-722e-b05bb8459aeb" executionId="6c4b88db-b715-4bad-87e5-07ac896dd387" testListId="8c84fa94-04c1-424b-9868-57a2d4851a1d" />
    <TestEntry testId="cced0b66-1e82-7460-cac2-eb024454e4e5" executionId="f5a25095-72eb-4daa-a752-18638b0c20b9" testListId="8c84fa94-04c1-424b-9868-57a2d4851a1d" />
    <TestEntry testId="e90b7508-50af-ea86-ae73-6cd0dbc6274d" executionId="79f2ef5a-a3f9-4975-8adf-4391d4b2bb60" testListId="8c84fa94-04c1-424b-9868-57a2d4851a1d" />
  </TestEntries>
  <Results>
    <UnitTestResult executionId="eef12946-00f9-41af-8145-ec037293f845" testId="0b57162d-f215-5e8d-f877-2dd6aec6edc0" testName="Passsando_letras_11_retorna_numero_11" computerName="IMPETO56" duration="00:00:00.0161718" startTime="2011-08-16T15:45:53.8546001-03:00" endTime="2011-08-16T15:45:54.0889721-03:00" testType="13cdc9d9-ddb5-4fa4-a97d-d965ccfc6d4b" outcome="Passed" testListId="8c84fa94-04c1-424b-9868-57a2d4851a1d" relativeResultsDirectory="eef12946-00f9-41af-8145-ec037293f845">
    </UnitTestResult>
    <UnitTestResult executionId="3d067fe0-0b07-4b66-93df-140941730ed4" testId="199d6954-928d-ed57-3e36-6a32e4aa3be9" testName="Passsando_um_numero_retorna_um_numero" computerName="IMPETO56" duration="00:00:00.0007348" startTime="2011-08-16T15:45:54.0889721-03:00" endTime="2011-08-16T15:45:54.0889721-03:00" testType="13cdc9d9-ddb5-4fa4-a97d-d965ccfc6d4b" outcome="Passed" testListId="8c84fa94-04c1-424b-9868-57a2d4851a1d" relativeResultsDirectory="3d067fe0-0b07-4b66-93df-140941730ed4">
    </UnitTestResult>
    <UnitTestResult executionId="65a89861-49e6-47e2-acc8-90a84941b152" testId="23df0b99-7398-3a39-c637-b5728f7a7dcc" testName="Passsando_letra_F_retorna_numero_3" computerName="IMPETO56" duration="00:00:00.0002067" startTime="2011-08-16T15:45:54.1202217-03:00" endTime="2011-08-16T15:45:54.1202217-03:00" testType="13cdc9d9-ddb5-4fa4-a97d-d965ccfc6d4b" outcome="Passed" testListId="8c84fa94-04c1-424b-9868-57a2d4851a1d" relativeResultsDirectory="65a89861-49e6-47e2-acc8-90a84941b152">
    </UnitTestResult>
    <UnitTestResult executionId="9c92b03d-946d-46a2-a67b-1a87631bb78a" testId="412c9125-d469-dc8f-e514-ee824e909634" testName="Passsando_letras_1A_retorna_numero_12" computerName="IMPETO56" duration="00:00:00.0002165" startTime="2011-08-16T15:45:54.1358465-03:00" endTime="2011-08-16T15:45:54.1358465-03:00" testType="13cdc9d9-ddb5-4fa4-a97d-d965ccfc6d4b" outcome="Passed" testListId="8c84fa94-04c1-424b-9868-57a2d4851a1d" relativeResultsDirectory="9c92b03d-946d-46a2-a67b-1a87631bb78a">
    </UnitTestResult>
    <UnitTestResult executionId="2df9f761-f7bc-4675-ab08-83317bd8b4b7" testId="4d3045ae-0683-3586-3dcc-516d31b1985e" testName="Passsando_letra_E_retorna_numero_3" computerName="IMPETO56" duration="00:00:00.0002441" startTime="2011-08-16T15:45:54.1358465-03:00" endTime="2011-08-16T15:45:54.1514713-03:00" testType="13cdc9d9-ddb5-4fa4-a97d-d965ccfc6d4b" outcome="Passed" testListId="8c84fa94-04c1-424b-9868-57a2d4851a1d" relativeResultsDirectory="2df9f761-f7bc-4675-ab08-83317bd8b4b7">
    </UnitTestResult>
    <UnitTestResult executionId="770364cf-40e0-4847-a2a8-f11d8f786e58" testId="5639571a-b0bd-ebff-f064-cbd0923ef4ef" testName="Passsando_letra_D_retorna_numero_3" computerName="IMPETO56" duration="00:00:00.0002148" startTime="2011-08-16T15:45:54.1514713-03:00" endTime="2011-08-16T15:45:54.1514713-03:00" testType="13cdc9d9-ddb5-4fa4-a97d-d965ccfc6d4b" outcome="Passed" testListId="8c84fa94-04c1-424b-9868-57a2d4851a1d" relativeResultsDirectory="770364cf-40e0-4847-a2a8-f11d8f786e58">
    </UnitTestResult>
    <UnitTestResult executionId="6c4b88db-b715-4bad-87e5-07ac896dd387" testId="639f1d21-bfe6-ef7c-722e-b05bb8459aeb" testName="Passsando_letra_B_retorna_numero_2" computerName="IMPETO56" duration="00:00:00.0002616" startTime="2011-08-16T15:45:54.1514713-03:00" endTime="2011-08-16T15:45:54.1670961-03:00" testType="13cdc9d9-ddb5-4fa4-a97d-d965ccfc6d4b" outcome="Passed" testListId="8c84fa94-04c1-424b-9868-57a2d4851a1d" relativeResultsDirectory="6c4b88db-b715-4bad-87e5-07ac896dd387">
    </UnitTestResult>
    <UnitTestResult executionId="f5a25095-72eb-4daa-a752-18638b0c20b9" testId="cced0b66-1e82-7460-cac2-eb024454e4e5" testName="Passsando_letra_C_retorna_numero_2" computerName="IMPETO56" duration="00:00:00.0002246" startTime="2011-08-16T15:45:54.1670961-03:00" endTime="2011-08-16T15:45:54.1670961-03:00" testType="13cdc9d9-ddb5-4fa4-a97d-d965ccfc6d4b" outcome="Passed" testListId="8c84fa94-04c1-424b-9868-57a2d4851a1d" relativeResultsDirectory="f5a25095-72eb-4daa-a752-18638b0c20b9">
    </UnitTestResult>
    <UnitTestResult executionId="79f2ef5a-a3f9-4975-8adf-4391d4b2bb60" testId="e90b7508-50af-ea86-ae73-6cd0dbc6274d" testName="Passsando_letra_A_retorna_numero_2" computerName="IMPETO56" duration="00:00:00.0002473" startTime="2011-08-16T15:45:54.1670961-03:00" endTime="2011-08-16T15:45:54.1670961-03:00" testType="13cdc9d9-ddb5-4fa4-a97d-d965ccfc6d4b" outcome="Passed" testListId="8c84fa94-04c1-424b-9868-57a2d4851a1d" relativeResultsDirectory="79f2ef5a-a3f9-4975-8adf-4391d4b2bb60">
    </UnitTestResult>
  </Results>
</TestRun>